// Jest Snapshot v1, https://goo.gl/fbAQLP

exports[`Testing al cliente Es Javier 1`] = `
Object {
  "balance": 500,
  "nombre": "Javier",
  "tipo": "Premium",
}
`;
